{"weaponStuffs":[{"forSale":false,"durability":0,"priceType":"DIAMOND","description":"desc","pic":"bigflask.png","maxGrade":60,"powerAddtion":108,"life":0,"basePower":0,"price":0,"name":"BIG FLASK","_id":"BIG_FLASK","damageType":"WEAPON"},{"forSale":false,"durability":0,"priceType":"DIAMOND","description":"desc","pic":"bigsword.png","maxGrade":60,"powerAddtion":108,"life":0,"basePower":0,"price":0,"name":"BIG SWORD","_id":"BIG_SWORD","damageType":"WEAPON"}],"skillStuffs":[{"shakeStrengthY":30,"cd":60,"shakeStrengthX":30,"forSale":false,"level":1,"priceType":"DIAMOND","description":"desc","pic":"apple shock.png","maxGrade":10,"powerAddtion":1000,"shakeTime":0.5,"basePower":1000,"hurtMusic":"appleshock.wav","voiceWords":["APPLESHOCK","APPLESHO"],"price":0,"name":"APPLE SHOCK","desicionTime":200,"hurtName":"HIT01","_id":"APPLE_SHOCK","bookPic":"appleshockbook.png","damageType":"DEADATTACK"}],"essenceStuffs":[{"Integer":"level","Array<String>":"skillStuffIds","Array<Float>":"exAddition","String":"bigSkillStuffId","Boolean":"forSale"},{"Integer":1,"Array<String>":"INFINITY_STRIKE,SHADOW_FIST","Array<Float>":null,"String":"MOONWALK","Boolean":false}]}